// Jest Snapshot v1, https://jestjs.io/docs/snapshot-testing

exports[`Snapshot Test for AthenaTableForAlb 1`] = `
{
  "Parameters": {
    "BootstrapVersion": {
      "Default": "/cdk-bootstrap/hnb659fds/version",
      "Description": "Version of the CDK Bootstrap resources in this environment, automatically retrieved from SSM Parameter Store. [cdk:skip]",
      "Type": "AWS::SSM::Parameter::Value<String>",
    },
  },
  "Resources": {
    "MyTestTable": {
      "Properties": {
        "CatalogId": {
          "Ref": "AWS::AccountId",
        },
        "DatabaseName": "test_database",
        "TableInput": {
          "Description": "Table for querying ALB access logs",
          "Name": "test_table",
          "Parameters": {
            "EXTERNAL": "TRUE",
            "has_encrypted_data": "false",
            "projection.day.format": "yyyy/MM/dd",
            "projection.day.interval": "1",
            "projection.day.interval.unit": "DAYS",
            "projection.day.range": "2025-08-01,2200",
            "projection.day.type": "date",
            "projection.enabled": "true",
            "storage.location.template": {
              "Fn::Join": [
                "",
                [
                  "s3://test-log-bucket/AWSLogs/",
                  {
                    "Ref": "AWS::AccountId",
                  },
                  "/elasticloadbalancing/",
                  {
                    "Ref": "AWS::Region",
                  },
                  "/\${day}/",
                ],
              ],
            },
          },
          "PartitionKeys": [
            {
              "Name": "day",
              "Type": "string",
            },
          ],
          "StorageDescriptor": {
            "Columns": [
              {
                "Name": "type",
                "Type": "string",
              },
              {
                "Name": "time",
                "Type": "string",
              },
              {
                "Name": "elb",
                "Type": "string",
              },
              {
                "Name": "client_ip",
                "Type": "string",
              },
              {
                "Name": "client_port",
                "Type": "int",
              },
              {
                "Name": "target_ip",
                "Type": "string",
              },
              {
                "Name": "target_port",
                "Type": "int",
              },
              {
                "Name": "request_processing_time",
                "Type": "double",
              },
              {
                "Name": "target_processing_time",
                "Type": "double",
              },
              {
                "Name": "response_processing_time",
                "Type": "double",
              },
              {
                "Name": "elb_status_code",
                "Type": "int",
              },
              {
                "Name": "target_status_code",
                "Type": "string",
              },
              {
                "Name": "received_bytes",
                "Type": "bigint",
              },
              {
                "Name": "sent_bytes",
                "Type": "bigint",
              },
              {
                "Name": "request_verb",
                "Type": "string",
              },
              {
                "Name": "request_url",
                "Type": "string",
              },
              {
                "Name": "request_proto",
                "Type": "string",
              },
              {
                "Name": "user_agent",
                "Type": "string",
              },
              {
                "Name": "ssl_cipher",
                "Type": "string",
              },
              {
                "Name": "ssl_protocol",
                "Type": "string",
              },
              {
                "Name": "target_group_arn",
                "Type": "string",
              },
              {
                "Name": "trace_id",
                "Type": "string",
              },
              {
                "Name": "domain_name",
                "Type": "string",
              },
              {
                "Name": "chosen_cert_arn",
                "Type": "string",
              },
              {
                "Name": "matched_rule_priority",
                "Type": "string",
              },
              {
                "Name": "request_creation_time",
                "Type": "string",
              },
              {
                "Name": "actions_executed",
                "Type": "string",
              },
              {
                "Name": "redirect_url",
                "Type": "string",
              },
              {
                "Name": "lambda_error_reason",
                "Type": "string",
              },
              {
                "Name": "target_port_list",
                "Type": "string",
              },
              {
                "Name": "target_status_code_list",
                "Type": "string",
              },
              {
                "Name": "classification",
                "Type": "string",
              },
              {
                "Name": "classification_reason",
                "Type": "string",
              },
              {
                "Name": "conn_trace_id",
                "Type": "string",
              },
            ],
            "Compressed": false,
            "InputFormat": "org.apache.hadoop.mapred.TextInputFormat",
            "Location": {
              "Fn::Join": [
                "",
                [
                  "s3://test-log-bucket/AWSLogs/",
                  {
                    "Ref": "AWS::AccountId",
                  },
                  "/elasticloadbalancing/",
                  {
                    "Ref": "AWS::Region",
                  },
                  "/",
                ],
              ],
            },
            "OutputFormat": "org.apache.hadoop.hive.ql.io.HiveIgnoreKeyTextOutputFormat",
            "SerdeInfo": {
              "Parameters": {
                "input.regex": "([^ ]*) ([^ ]*) ([^ ]*) ([^ ]*):([0-9]*) ([^ ]*)[:-]([0-9]*) ([-.0-9]*) ([-.0-9]*) ([-.0-9]*) (|[-0-9]*) (-|[-0-9]*) ([-0-9]*) ([-0-9]*) "([^ ]*) (.*) (- |[^ ]*)" "([^"]*)" ([A-Z0-9-_]+) ([A-Za-z0-9.-]*) ([^ ]*) "([^"]*)" "([^"]*)" "([^"]*)" ([-.0-9]*) ([^ ]*) "([^"]*)" "([^"]*)" "([^ ]*)" "([^\\s]+?)" "([^\\s]+)" "([^ ]*)" "([^ ]*)" ?([^ ]*)?( .*)?",
                "serialization.format": "1",
              },
              "SerializationLibrary": "org.apache.hadoop.hive.serde2.RegexSerDe",
            },
            "StoredAsSubDirectories": false,
          },
          "TableType": "EXTERNAL_TABLE",
        },
      },
      "Type": "AWS::Glue::Table",
    },
  },
  "Rules": {
    "CheckBootstrapVersion": {
      "Assertions": [
        {
          "Assert": {
            "Fn::Not": [
              {
                "Fn::Contains": [
                  [
                    "1",
                    "2",
                    "3",
                    "4",
                    "5",
                  ],
                  {
                    "Ref": "BootstrapVersion",
                  },
                ],
              },
            ],
          },
          "AssertDescription": "CDK bootstrap stack version 6 required. Please run 'cdk bootstrap' with a recent version of the CDK CLI.",
        },
      ],
    },
  },
}
`;
